\BOOKMARK [1][-]{section.1}{\376\377\000I\000n\000t\000r\000o\000d\000u\000c\000t\000i\000o\000n}{}% 1
\BOOKMARK [2][-]{subsection.1.1}{\376\377\000P\000r\000\351\000s\000e\000n\000t\000a\000t\000i\000o\000n\000\040\000d\000u\000\040\000P\000r\000o\000j\000e\000t}{section.1}% 2
\BOOKMARK [2][-]{subsection.1.2}{\376\377\000O\000b\000j\000e\000c\000t\000i\000f\000s}{section.1}% 3
\BOOKMARK [1][-]{section.2}{\376\377\000A\000r\000c\000h\000i\000t\000e\000c\000t\000u\000r\000e\000\040\000d\000u\000\040\000S\000y\000s\000t\000\350\000m\000e}{}% 4
\BOOKMARK [2][-]{subsection.2.1}{\376\377\000A\000r\000c\000h\000i\000t\000e\000c\000t\000u\000r\000e\000\040\000G\000\351\000n\000\351\000r\000a\000l\000e}{section.2}% 5
\BOOKMARK [2][-]{subsection.2.2}{\376\377\000S\000t\000r\000u\000c\000t\000u\000r\000e\000\040\000d\000e\000s\000\040\000D\000o\000s\000s\000i\000e\000r\000s}{section.2}% 6
\BOOKMARK [1][-]{section.3}{\376\377\000C\000o\000n\000c\000e\000p\000t\000i\000o\000n\000\040\000e\000t\000\040\000M\000o\000d\000\351\000l\000i\000s\000a\000t\000i\000o\000n}{}% 7
\BOOKMARK [2][-]{subsection.3.1}{\376\377\000M\000o\000d\000\350\000l\000e\000\040\000d\000e\000\040\000D\000o\000n\000n\000\351\000e\000s}{section.3}% 8
\BOOKMARK [3][-]{subsubsection.3.1.1}{\376\377\000E\000n\000t\000i\000t\000\351\000\040\000U\000t\000i\000l\000i\000s\000a\000t\000e\000u\000r}{subsection.3.1}% 9
\BOOKMARK [3][-]{subsubsection.3.1.2}{\376\377\000E\000n\000t\000i\000t\000\351\000\040\000P\000r\000o\000j\000e\000t}{subsection.3.1}% 10
\BOOKMARK [3][-]{subsubsection.3.1.3}{\376\377\000E\000n\000t\000i\000t\000\351\000\040\000C\000a\000n\000d\000i\000d\000a\000t\000u\000r\000e}{subsection.3.1}% 11
\BOOKMARK [2][-]{subsection.3.2}{\376\377\000D\000i\000a\000g\000r\000a\000m\000m\000e\000s\000\040\000U\000M\000L}{section.3}% 12
\BOOKMARK [3][-]{subsubsection.3.2.1}{\376\377\000D\000i\000a\000g\000r\000a\000m\000m\000e\000\040\000d\000e\000\040\000C\000l\000a\000s\000s\000e\000s}{subsection.3.2}% 13
\BOOKMARK [3][-]{subsubsection.3.2.2}{\376\377\000D\000i\000a\000g\000r\000a\000m\000m\000e\000\040\000d\000e\000\040\000S\000\351\000q\000u\000e\000n\000c\000e}{subsection.3.2}% 14
\BOOKMARK [1][-]{section.4}{\376\377\000T\000e\000c\000h\000n\000o\000l\000o\000g\000i\000e\000s\000\040\000U\000t\000i\000l\000i\000s\000\351\000e\000s}{}% 15
\BOOKMARK [2][-]{subsection.4.1}{\376\377\000F\000r\000o\000n\000t\000e\000n\000d}{section.4}% 16
\BOOKMARK [2][-]{subsection.4.2}{\376\377\000B\000a\000c\000k\000e\000n\000d}{section.4}% 17
\BOOKMARK [2][-]{subsection.4.3}{\376\377\000O\000u\000t\000i\000l\000s\000\040\000d\000e\000\040\000D\000\351\000v\000e\000l\000o\000p\000p\000e\000m\000e\000n\000t}{section.4}% 18
\BOOKMARK [1][-]{section.5}{\376\377\000I\000m\000p\000l\000\351\000m\000e\000n\000t\000a\000t\000i\000o\000n}{}% 19
\BOOKMARK [2][-]{subsection.5.1}{\376\377\000C\000o\000n\000f\000i\000g\000u\000r\000a\000t\000i\000o\000n\000\040\000d\000u\000\040\000B\000a\000c\000k\000e\000n\000d}{section.5}% 20
\BOOKMARK [3][-]{subsubsection.5.1.1}{\376\377\000S\000e\000r\000v\000e\000u\000r\000\040\000E\000x\000p\000r\000e\000s\000s}{subsection.5.1}% 21
\BOOKMARK [3][-]{subsubsection.5.1.2}{\376\377\000M\000o\000d\000\350\000l\000e\000s\000\040\000M\000o\000n\000g\000o\000o\000s\000e}{subsection.5.1}% 22
\BOOKMARK [2][-]{subsection.5.2}{\376\377\000C\000o\000n\000f\000i\000g\000u\000r\000a\000t\000i\000o\000n\000\040\000d\000u\000\040\000F\000r\000o\000n\000t\000e\000n\000d}{section.5}% 23
\BOOKMARK [3][-]{subsubsection.5.2.1}{\376\377\000C\000o\000m\000p\000o\000s\000a\000n\000t\000s\000\040\000R\000e\000a\000c\000t}{subsection.5.2}% 24
\BOOKMARK [1][-]{section.6}{\376\377\000S\000\351\000c\000u\000r\000i\000t\000\351}{}% 25
\BOOKMARK [2][-]{subsection.6.1}{\376\377\000A\000u\000t\000h\000e\000n\000t\000i\000f\000i\000c\000a\000t\000i\000o\000n}{section.6}% 26
\BOOKMARK [2][-]{subsection.6.2}{\376\377\000V\000a\000l\000i\000d\000a\000t\000i\000o\000n\000\040\000d\000e\000s\000\040\000D\000o\000n\000n\000\351\000e\000s}{section.6}% 27
\BOOKMARK [2][-]{subsection.6.3}{\376\377\000P\000r\000o\000t\000e\000c\000t\000i\000o\000n\000\040\000C\000O\000R\000S}{section.6}% 28
\BOOKMARK [1][-]{section.7}{\376\377\000T\000e\000s\000t\000s}{}% 29
\BOOKMARK [2][-]{subsection.7.1}{\376\377\000T\000e\000s\000t\000s\000\040\000U\000n\000i\000t\000a\000i\000r\000e\000s}{section.7}% 30
\BOOKMARK [2][-]{subsection.7.2}{\376\377\000T\000e\000s\000t\000s\000\040\000d\000'\000I\000n\000t\000\351\000g\000r\000a\000t\000i\000o\000n}{section.7}% 31
\BOOKMARK [2][-]{subsection.7.3}{\376\377\000T\000e\000s\000t\000s\000\040\000E\000n\000d\000-\000t\000o\000-\000E\000n\000d}{section.7}% 32
\BOOKMARK [1][-]{section.8}{\376\377\000D\000\351\000p\000l\000o\000i\000e\000m\000e\000n\000t}{}% 33
\BOOKMARK [2][-]{subsection.8.1}{\376\377\000E\000n\000v\000i\000r\000o\000n\000n\000e\000m\000e\000n\000t\000s}{section.8}% 34
\BOOKMARK [2][-]{subsection.8.2}{\376\377\000C\000I\000/\000C\000D}{section.8}% 35
\BOOKMARK [1][-]{section.9}{\376\377\000P\000e\000r\000f\000o\000r\000m\000a\000n\000c\000e\000\040\000e\000t\000\040\000O\000p\000t\000i\000m\000i\000s\000a\000t\000i\000o\000n}{}% 36
\BOOKMARK [2][-]{subsection.9.1}{\376\377\000F\000r\000o\000n\000t\000e\000n\000d}{section.9}% 37
\BOOKMARK [2][-]{subsection.9.2}{\376\377\000B\000a\000c\000k\000e\000n\000d}{section.9}% 38
\BOOKMARK [1][-]{section.10}{\376\377\000M\000o\000n\000i\000t\000o\000r\000i\000n\000g\000\040\000e\000t\000\040\000M\000a\000i\000n\000t\000e\000n\000a\000n\000c\000e}{}% 39
\BOOKMARK [2][-]{subsection.10.1}{\376\377\000L\000o\000g\000g\000i\000n\000g}{section.10}% 40
\BOOKMARK [2][-]{subsection.10.2}{\376\377\000M\000o\000n\000i\000t\000o\000r\000i\000n\000g}{section.10}% 41
\BOOKMARK [1][-]{section.11}{\376\377\000\311\000v\000o\000l\000u\000t\000i\000o\000n\000s\000\040\000F\000u\000t\000u\000r\000e\000s}{}% 42
\BOOKMARK [2][-]{subsection.11.1}{\376\377\000F\000o\000n\000c\000t\000i\000o\000n\000n\000a\000l\000i\000t\000\351\000s\000\040\000P\000r\000\351\000v\000u\000e\000s}{section.11}% 43
\BOOKMARK [2][-]{subsection.11.2}{\376\377\000A\000m\000\351\000l\000i\000o\000r\000a\000t\000i\000o\000n\000s\000\040\000T\000e\000c\000h\000n\000i\000q\000u\000e\000s}{section.11}% 44
\BOOKMARK [1][-]{section.12}{\376\377\000C\000o\000n\000c\000l\000u\000s\000i\000o\000n}{}% 45
\BOOKMARK [2][-]{subsection.12.1}{\376\377\000R\000e\000t\000o\000u\000r\000\040\000d\000'\000E\000x\000p\000\351\000r\000i\000e\000n\000c\000e}{section.12}% 46
